<?xml version="1.0" encoding="UTF-8"?>
<Catch name="xenia-cpu-tests">
  <Group name="xenia-cpu-tests">
    <TestCase name="ADD_I8" tags="[instr]" filename="/Users/admin/Documents/xenia_arm64_mac/src/xenia/cpu/testing/add_test.cc" line="19">
      <OverallResult success="true"/>
    </TestCase>
    <TestCase name="ADD_I16" tags="[instr]" filename="/Users/admin/Documents/xenia_arm64_mac/src/xenia/cpu/testing/add_test.cc" line="92">
      <OverallResult success="true"/>
    </TestCase>
    <TestCase name="ADD_I32" tags="[instr]" filename="/Users/admin/Documents/xenia_arm64_mac/src/xenia/cpu/testing/add_test.cc" line="165">
      <OverallResult success="true"/>
    </TestCase>
    <TestCase name="ADD_I64" tags="[instr]" filename="/Users/admin/Documents/xenia_arm64_mac/src/xenia/cpu/testing/add_test.cc" line="238">
      <OverallResult success="true"/>
    </TestCase>
    <TestCase name="ADD_F32" tags="[instr]" filename="/Users/admin/Documents/xenia_arm64_mac/src/xenia/cpu/testing/add_test.cc" line="308">
      <OverallResult success="true"/>
    </TestCase>
    <TestCase name="ADD_F64" tags="[instr]" filename="/Users/admin/Documents/xenia_arm64_mac/src/xenia/cpu/testing/add_test.cc" line="372">
      <OverallResult success="true"/>
    </TestCase>
    <TestCase name="BYTE_SWAP_V128" tags="[instr]" filename="/Users/admin/Documents/xenia_arm64_mac/src/xenia/cpu/testing/byte_swap_test.cc" line="18">
      <OverallResult success="true"/>
    </TestCase>
    <TestCase name="EXTRACT_INT8" tags="[instr]" filename="/Users/admin/Documents/xenia_arm64_mac/src/xenia/cpu/testing/extract_test.cc" line="20">
      <OverallResult success="true"/>
    </TestCase>
    <TestCase name="EXTRACT_INT8_CONSTANT" tags="[instr]" filename="/Users/admin/Documents/xenia_arm64_mac/src/xenia/cpu/testing/extract_test.cc" line="43">
      <OverallResult success="true"/>
    </TestCase>
    <TestCase name="EXTRACT_INT16" tags="[instr]" filename="/Users/admin/Documents/xenia_arm64_mac/src/xenia/cpu/testing/extract_test.cc" line="65">
      <OverallResult success="true"/>
    </TestCase>
    <TestCase name="EXTRACT_INT16_CONSTANT" tags="[instr]" filename="/Users/admin/Documents/xenia_arm64_mac/src/xenia/cpu/testing/extract_test.cc" line="88">
      <OverallResult success="true"/>
    </TestCase>
    <TestCase name="EXTRACT_INT32" tags="[instr]" filename="/Users/admin/Documents/xenia_arm64_mac/src/xenia/cpu/testing/extract_test.cc" line="109">
      <OverallResult success="true"/>
    </TestCase>
    <TestCase name="EXTRACT_INT32_CONSTANT" tags="[instr]" filename="/Users/admin/Documents/xenia_arm64_mac/src/xenia/cpu/testing/extract_test.cc" line="131">
      <OverallResult success="true"/>
    </TestCase>
    <TestCase name="INSERT_INT8" tags="[instr]" filename="/Users/admin/Documents/xenia_arm64_mac/src/xenia/cpu/testing/insert_test.cc" line="20">
      <OverallResult success="true"/>
    </TestCase>
    <TestCase name="INSERT_INT16" tags="[instr]" filename="/Users/admin/Documents/xenia_arm64_mac/src/xenia/cpu/testing/insert_test.cc" line="45">
      <OverallResult success="true"/>
    </TestCase>
    <TestCase name="INSERT_INT32" tags="[instr]" filename="/Users/admin/Documents/xenia_arm64_mac/src/xenia/cpu/testing/insert_test.cc" line="68">
      <OverallResult success="true"/>
    </TestCase>
    <TestCase name="LOAD_VECTOR_SHL" tags="[instr]" filename="/Users/admin/Documents/xenia_arm64_mac/src/xenia/cpu/testing/load_vector_shl_shr_test.cc" line="18">
      <OverallResult success="true"/>
    </TestCase>
    <TestCase name="LOAD_VECTOR_SHR" tags="[instr]" filename="/Users/admin/Documents/xenia_arm64_mac/src/xenia/cpu/testing/load_vector_shl_shr_test.cc" line="49">
      <OverallResult success="true"/>
    </TestCase>
    <TestCase name="PACK_D3DCOLOR" tags="[instr]" filename="/Users/admin/Documents/xenia_arm64_mac/src/xenia/cpu/testing/pack_test.cc" line="18">
      <OverallResult success="true"/>
    </TestCase>
    <TestCase name="PACK_FLOAT16_2" tags="[instr]" filename="/Users/admin/Documents/xenia_arm64_mac/src/xenia/cpu/testing/pack_test.cc" line="38">
      <Expression success="false" type="REQUIRE" filename="/Users/admin/Documents/xenia_arm64_mac/src/xenia/cpu/testing/pack_test.cc" line="54">
        <Original>
          result == vec128i(0, 0, 0, 0x7FFFFFFF)
        </Original>
        <Expanded>
          [00000000 00000000 00000000 7C00FC00]
==
[00000000 00000000 00000000 7FFFFFFF]
        </Expanded>
      </Expression>
      <OverallResult success="false"/>
    </TestCase>
    <TestCase name="PACK_FLOAT16_4" tags="[instr]" filename="/Users/admin/Documents/xenia_arm64_mac/src/xenia/cpu/testing/pack_test.cc" line="66">
      <OverallResult success="true"/>
    </TestCase>
    <TestCase name="PACK_SHORT_2" tags="[instr]" filename="/Users/admin/Documents/xenia_arm64_mac/src/xenia/cpu/testing/pack_test.cc" line="87">
      <Expression success="false" type="REQUIRE" filename="/Users/admin/Documents/xenia_arm64_mac/src/xenia/cpu/testing/pack_test.cc" line="95">
        <Original>
          result == vec128i(0)
        </Original>
        <Expanded>
          [00000000 00000000 00000000 80018001]
==
[00000000 00000000 00000000 00000000]
        </Expanded>
      </Expression>
      <OverallResult success="false"/>
    </TestCase>
    <TestCase name="PERMUTE_V128_BY_INT32_CONSTANT" tags="[instr]" filename="/Users/admin/Documents/xenia_arm64_mac/src/xenia/cpu/testing/permute_test.cc" line="18">
      <OverallResult success="true"/>
    </TestCase>
    <TestCase name="PERMUTE_V128_BY_V128" tags="[instr]" filename="/Users/admin/Documents/xenia_arm64_mac/src/xenia/cpu/testing/permute_test.cc" line="93">
      <OverallResult success="true"/>
    </TestCase>
    <TestCase name="SHA_I8" tags="[instr]" filename="/Users/admin/Documents/xenia_arm64_mac/src/xenia/cpu/testing/sha_test.cc" line="17">
      <OverallResult success="true"/>
    </TestCase>
    <TestCase name="SHA_I16" tags="[instr]" filename="/Users/admin/Documents/xenia_arm64_mac/src/xenia/cpu/testing/sha_test.cc" line="72">
      <OverallResult success="true"/>
    </TestCase>
    <TestCase name="SHA_I32" tags="[instr]" filename="/Users/admin/Documents/xenia_arm64_mac/src/xenia/cpu/testing/sha_test.cc" line="127">
      <OverallResult success="true"/>
    </TestCase>
    <TestCase name="SHA_I64" tags="[instr]" filename="/Users/admin/Documents/xenia_arm64_mac/src/xenia/cpu/testing/sha_test.cc" line="182">
      <OverallResult success="true"/>
    </TestCase>
    <TestCase name="SHL_I8" tags="[instr]" filename="/Users/admin/Documents/xenia_arm64_mac/src/xenia/cpu/testing/shl_test.cc" line="17">
      <OverallResult success="true"/>
    </TestCase>
    <TestCase name="SHL_I16" tags="[instr]" filename="/Users/admin/Documents/xenia_arm64_mac/src/xenia/cpu/testing/shl_test.cc" line="72">
      <OverallResult success="true"/>
    </TestCase>
    <TestCase name="SHL_I32" tags="[instr]" filename="/Users/admin/Documents/xenia_arm64_mac/src/xenia/cpu/testing/shl_test.cc" line="127">
      <OverallResult success="true"/>
    </TestCase>
    <TestCase name="SHL_I64" tags="[instr]" filename="/Users/admin/Documents/xenia_arm64_mac/src/xenia/cpu/testing/shl_test.cc" line="182">
      <OverallResult success="true"/>
    </TestCase>
    <TestCase name="SHR_I8" tags="[instr]" filename="/Users/admin/Documents/xenia_arm64_mac/src/xenia/cpu/testing/shr_test.cc" line="18">
      <OverallResult success="true"/>
    </TestCase>
    <TestCase name="SHR_I16" tags="[instr]" filename="/Users/admin/Documents/xenia_arm64_mac/src/xenia/cpu/testing/shr_test.cc" line="73">
      <OverallResult success="true"/>
    </TestCase>
    <TestCase name="SHR_I32" tags="[instr]" filename="/Users/admin/Documents/xenia_arm64_mac/src/xenia/cpu/testing/shr_test.cc" line="128">
      <OverallResult success="true"/>
    </TestCase>
    <TestCase name="SHR_I64" tags="[instr]" filename="/Users/admin/Documents/xenia_arm64_mac/src/xenia/cpu/testing/shr_test.cc" line="183">
      <OverallResult success="true"/>
    </TestCase>
    <TestCase name="SHR_V128" tags="[instr]" filename="/Users/admin/Documents/xenia_arm64_mac/src/xenia/cpu/testing/shr_test.cc" line="237">
      <OverallResult success="true"/>
    </TestCase>
    <TestCase name="SWIZZLE_V128" tags="[instr]" filename="/Users/admin/Documents/xenia_arm64_mac/src/xenia/cpu/testing/swizzle_test.cc" line="18">
      <OverallResult success="true"/>
    </TestCase>
    <TestCase name="UNPACK_D3DCOLOR" tags="[instr]" filename="/Users/admin/Documents/xenia_arm64_mac/src/xenia/cpu/testing/unpack_test.cc" line="18">
      <OverallResult success="true"/>
    </TestCase>
    <TestCase name="UNPACK_FLOAT16_2" tags="[instr]" filename="/Users/admin/Documents/xenia_arm64_mac/src/xenia/cpu/testing/unpack_test.cc" line="44">
      <Expression success="false" type="REQUIRE" filename="/Users/admin/Documents/xenia_arm64_mac/src/xenia/cpu/testing/unpack_test.cc" line="58">
        <Original>
          result == vec128i(0x47FFE000, 0xC7FFE000, 0x00000000, 0x3F800000)
        </Original>
        <Expanded>
          [7FFFE000 FFFFE000 00000000 3F800000]
==
[47FFE000 C7FFE000 00000000 3F800000]
        </Expanded>
      </Expression>
      <OverallResult success="false"/>
    </TestCase>
    <TestCase name="UNPACK_FLOAT16_4" tags="[instr]" filename="/Users/admin/Documents/xenia_arm64_mac/src/xenia/cpu/testing/unpack_test.cc" line="68">
      <OverallResult success="true"/>
    </TestCase>
    <TestCase name="UNPACK_SHORT_2" tags="[instr]" filename="/Users/admin/Documents/xenia_arm64_mac/src/xenia/cpu/testing/unpack_test.cc" line="89">
      <OverallResult success="true"/>
    </TestCase>
    <TestCase name="VECTOR_ADD_I8" tags="[instr]" filename="/Users/admin/Documents/xenia_arm64_mac/src/xenia/cpu/testing/vector_add_test.cc" line="20">
      <OverallResult success="true"/>
    </TestCase>
    <TestCase name="VECTOR_ADD_I8_SAT_SIGNED" tags="[instr]" filename="/Users/admin/Documents/xenia_arm64_mac/src/xenia/cpu/testing/vector_add_test.cc" line="48">
      <OverallResult success="true"/>
    </TestCase>
    <TestCase name="VECTOR_ADD_I8_SAT_UNSIGNED" tags="[instr]" filename="/Users/admin/Documents/xenia_arm64_mac/src/xenia/cpu/testing/vector_add_test.cc" line="75">
      <OverallResult success="true"/>
    </TestCase>
    <TestCase name="VECTOR_ADD_I16" tags="[instr]" filename="/Users/admin/Documents/xenia_arm64_mac/src/xenia/cpu/testing/vector_add_test.cc" line="93">
      <OverallResult success="true"/>
    </TestCase>
    <TestCase name="VECTOR_ADD_I16_SAT_SIGNED" tags="[instr]" filename="/Users/admin/Documents/xenia_arm64_mac/src/xenia/cpu/testing/vector_add_test.cc" line="127">
      <OverallResult success="true"/>
    </TestCase>
    <TestCase name="VECTOR_ADD_I16_SAT_UNSIGNED" tags="[instr]" filename="/Users/admin/Documents/xenia_arm64_mac/src/xenia/cpu/testing/vector_add_test.cc" line="154">
      <OverallResult success="true"/>
    </TestCase>
    <TestCase name="VECTOR_ADD_I32" tags="[instr]" filename="/Users/admin/Documents/xenia_arm64_mac/src/xenia/cpu/testing/vector_add_test.cc" line="172">
      <OverallResult success="true"/>
    </TestCase>
    <TestCase name="VECTOR_ADD_I32_SAT_SIGNED" tags="[instr]" filename="/Users/admin/Documents/xenia_arm64_mac/src/xenia/cpu/testing/vector_add_test.cc" line="206">
      <OverallResult success="true"/>
    </TestCase>
    <TestCase name="VECTOR_ADD_I32_SAT_UNSIGNED" tags="[instr]" filename="/Users/admin/Documents/xenia_arm64_mac/src/xenia/cpu/testing/vector_add_test.cc" line="242">
      <OverallResult success="true"/>
    </TestCase>
    <TestCase name="VECTOR_ADD_F32" tags="[instr]" filename="/Users/admin/Documents/xenia_arm64_mac/src/xenia/cpu/testing/vector_add_test.cc" line="269">
      <OverallResult success="true"/>
    </TestCase>
    <TestCase name="VECTOR_MAX_I8_SIGNED" tags="[instr]" filename="/Users/admin/Documents/xenia_arm64_mac/src/xenia/cpu/testing/vector_max_test.cc" line="21">
      <OverallResult success="true"/>
    </TestCase>
    <TestCase name="VECTOR_MAX_I8_UNSIGNED" tags="[instr]" filename="/Users/admin/Documents/xenia_arm64_mac/src/xenia/cpu/testing/vector_max_test.cc" line="40">
      <OverallResult success="true"/>
    </TestCase>
    <TestCase name="VECTOR_MAX_I16_SIGNED" tags="[instr]" filename="/Users/admin/Documents/xenia_arm64_mac/src/xenia/cpu/testing/vector_max_test.cc" line="61">
      <OverallResult success="true"/>
    </TestCase>
    <TestCase name="VECTOR_MAX_I16_UNSIGNED" tags="[instr]" filename="/Users/admin/Documents/xenia_arm64_mac/src/xenia/cpu/testing/vector_max_test.cc" line="77">
      <OverallResult success="true"/>
    </TestCase>
    <TestCase name="VECTOR_MAX_I32_SIGNED" tags="[instr]" filename="/Users/admin/Documents/xenia_arm64_mac/src/xenia/cpu/testing/vector_max_test.cc" line="95">
      <OverallResult success="true"/>
    </TestCase>
    <TestCase name="VECTOR_MAX_I32_UNSIGNED" tags="[instr]" filename="/Users/admin/Documents/xenia_arm64_mac/src/xenia/cpu/testing/vector_max_test.cc" line="111">
      <OverallResult success="true"/>
    </TestCase>
    <TestCase name="VECTOR_MIN_I8_SIGNED" tags="[instr]" filename="/Users/admin/Documents/xenia_arm64_mac/src/xenia/cpu/testing/vector_min_test.cc" line="21">
      <OverallResult success="true"/>
    </TestCase>
    <TestCase name="VECTOR_MIN_I8_UNSIGNED" tags="[instr]" filename="/Users/admin/Documents/xenia_arm64_mac/src/xenia/cpu/testing/vector_min_test.cc" line="40">
      <OverallResult success="true"/>
    </TestCase>
    <TestCase name="VECTOR_MIN_I16_SIGNED" tags="[instr]" filename="/Users/admin/Documents/xenia_arm64_mac/src/xenia/cpu/testing/vector_min_test.cc" line="61">
      <OverallResult success="true"/>
    </TestCase>
    <TestCase name="VECTOR_MIN_I16_UNSIGNED" tags="[instr]" filename="/Users/admin/Documents/xenia_arm64_mac/src/xenia/cpu/testing/vector_min_test.cc" line="77">
      <OverallResult success="true"/>
    </TestCase>
    <TestCase name="VECTOR_MIN_I32_SIGNED" tags="[instr]" filename="/Users/admin/Documents/xenia_arm64_mac/src/xenia/cpu/testing/vector_min_test.cc" line="95">
      <OverallResult success="true"/>
    </TestCase>
    <TestCase name="VECTOR_MIN_I32_UNSIGNED" tags="[instr]" filename="/Users/admin/Documents/xenia_arm64_mac/src/xenia/cpu/testing/vector_min_test.cc" line="111">
      <OverallResult success="true"/>
    </TestCase>
    <TestCase name="VECTOR_ROTATE_LEFT_I8" tags="[instr]" filename="/Users/admin/Documents/xenia_arm64_mac/src/xenia/cpu/testing/vector_rotate_left_test.cc" line="18">
      <OverallResult success="true"/>
    </TestCase>
    <TestCase name="VECTOR_ROTATE_LEFT_I16" tags="[instr]" filename="/Users/admin/Documents/xenia_arm64_mac/src/xenia/cpu/testing/vector_rotate_left_test.cc" line="39">
      <OverallResult success="true"/>
    </TestCase>
    <TestCase name="VECTOR_ROTATE_LEFT_I32" tags="[instr]" filename="/Users/admin/Documents/xenia_arm64_mac/src/xenia/cpu/testing/vector_rotate_left_test.cc" line="57">
      <OverallResult success="true"/>
    </TestCase>
    <TestCase name="VECTOR_SHA_I8" tags="[instr]" filename="/Users/admin/Documents/xenia_arm64_mac/src/xenia/cpu/testing/vector_sha_test.cc" line="18">
      <OverallResult success="true"/>
    </TestCase>
    <TestCase name="VECTOR_SHA_I8_CONSTANT" tags="[instr]" filename="/Users/admin/Documents/xenia_arm64_mac/src/xenia/cpu/testing/vector_sha_test.cc" line="38">
      <OverallResult success="true"/>
    </TestCase>
    <TestCase name="VECTOR_SHA_I8_SAME_CONSTANT" tags="[instr]" filename="/Users/admin/Documents/xenia_arm64_mac/src/xenia/cpu/testing/vector_sha_test.cc" line="63">
      <OverallResult success="true"/>
    </TestCase>
    <TestCase name="VECTOR_SHA_I16" tags="[instr]" filename="/Users/admin/Documents/xenia_arm64_mac/src/xenia/cpu/testing/vector_sha_test.cc" line="83">
      <OverallResult success="true"/>
    </TestCase>
    <TestCase name="VECTOR_SHA_I16_CONSTANT" tags="[instr]" filename="/Users/admin/Documents/xenia_arm64_mac/src/xenia/cpu/testing/vector_sha_test.cc" line="101">
      <OverallResult success="true"/>
    </TestCase>
    <TestCase name="VECTOR_SHA_I32" tags="[instr]" filename="/Users/admin/Documents/xenia_arm64_mac/src/xenia/cpu/testing/vector_sha_test.cc" line="122">
      <OverallResult success="true"/>
    </TestCase>
    <TestCase name="VECTOR_SHA_I32_CONSTANT" tags="[instr]" filename="/Users/admin/Documents/xenia_arm64_mac/src/xenia/cpu/testing/vector_sha_test.cc" line="149">
      <OverallResult success="true"/>
    </TestCase>
    <TestCase name="VECTOR_SHL_I8" tags="[instr]" filename="/Users/admin/Documents/xenia_arm64_mac/src/xenia/cpu/testing/vector_shl_test.cc" line="18">
      <OverallResult success="true"/>
    </TestCase>
    <TestCase name="VECTOR_SHL_I8_CONSTANT" tags="[instr]" filename="/Users/admin/Documents/xenia_arm64_mac/src/xenia/cpu/testing/vector_shl_test.cc" line="38">
      <OverallResult success="true"/>
    </TestCase>
    <TestCase name="VECTOR_SHL_I8_SAME_CONSTANT" tags="[instr]" filename="/Users/admin/Documents/xenia_arm64_mac/src/xenia/cpu/testing/vector_shl_test.cc" line="63">
      <OverallResult success="true"/>
    </TestCase>
    <TestCase name="VECTOR_SHL_I16" tags="[instr]" filename="/Users/admin/Documents/xenia_arm64_mac/src/xenia/cpu/testing/vector_shl_test.cc" line="83">
      <OverallResult success="true"/>
    </TestCase>
    <TestCase name="VECTOR_SHL_I16_CONSTANT" tags="[instr]" filename="/Users/admin/Documents/xenia_arm64_mac/src/xenia/cpu/testing/vector_shl_test.cc" line="101">
      <OverallResult success="true"/>
    </TestCase>
    <TestCase name="VECTOR_SHL_I32" tags="[instr]" filename="/Users/admin/Documents/xenia_arm64_mac/src/xenia/cpu/testing/vector_shl_test.cc" line="122">
      <OverallResult success="true"/>
    </TestCase>
    <TestCase name="VECTOR_SHL_I32_CONSTANT" tags="[instr]" filename="/Users/admin/Documents/xenia_arm64_mac/src/xenia/cpu/testing/vector_shl_test.cc" line="149">
      <OverallResult success="true"/>
    </TestCase>
    <TestCase name="VECTOR_SHR_I8" tags="[instr]" filename="/Users/admin/Documents/xenia_arm64_mac/src/xenia/cpu/testing/vector_shr_test.cc" line="18">
      <OverallResult success="true"/>
    </TestCase>
    <TestCase name="VECTOR_SHR_I8_CONSTANT" tags="[instr]" filename="/Users/admin/Documents/xenia_arm64_mac/src/xenia/cpu/testing/vector_shr_test.cc" line="38">
      <OverallResult success="true"/>
    </TestCase>
    <TestCase name="VECTOR_SHR_I8_SAME_CONSTANT" tags="[instr]" filename="/Users/admin/Documents/xenia_arm64_mac/src/xenia/cpu/testing/vector_shr_test.cc" line="63">
      <OverallResult success="true"/>
    </TestCase>
    <TestCase name="VECTOR_SHR_I16" tags="[instr]" filename="/Users/admin/Documents/xenia_arm64_mac/src/xenia/cpu/testing/vector_shr_test.cc" line="83">
      <OverallResult success="true"/>
    </TestCase>
    <TestCase name="VECTOR_SHR_I16_CONSTANT" tags="[instr]" filename="/Users/admin/Documents/xenia_arm64_mac/src/xenia/cpu/testing/vector_shr_test.cc" line="101">
      <OverallResult success="true"/>
    </TestCase>
    <TestCase name="VECTOR_SHR_I32" tags="[instr]" filename="/Users/admin/Documents/xenia_arm64_mac/src/xenia/cpu/testing/vector_shr_test.cc" line="122">
      <OverallResult success="true"/>
    </TestCase>
    <TestCase name="VECTOR_SHR_I32_CONSTANT" tags="[instr]" filename="/Users/admin/Documents/xenia_arm64_mac/src/xenia/cpu/testing/vector_shr_test.cc" line="149">
      <OverallResult success="true"/>
    </TestCase>
    <OverallResults successes="287" failures="3" expectedFailures="0"/>
    <OverallResultsCases successes="85" failures="3" expectedFailures="0"/>
  </Group>
  <OverallResults successes="287" failures="3" expectedFailures="0"/>
  <OverallResultsCases successes="85" failures="3" expectedFailures="0"/>
</Catch>
